#
# A fatal error has been detected by the Java Runtime Environment:
#
#  SIGSEGV (0xb) at pc=0x000076ab518ce108, pid=9624, tid=9625
#
# JRE version: OpenJDK Runtime Environment Temurin-21.0.6+7 (21.0.6+7) (build 21.0.6+7-LTS)
# Java VM: OpenJDK 64-Bit Server VM Temurin-21.0.6+7 (21.0.6+7-LTS, mixed mode, sharing, tiered, compressed oops, compressed class ptrs, g1 gc, linux-amd64)
# Problematic frame:
# J 90  java.lang.Class.isPrimitive()Z java.base@21.0.6 (0 bytes) @ 0x000076ab518ce108 [0x000076ab518ce0a0+0x0000000000000068]
#
# Core dump will be written. Default location: Core dumps may be processed with "/usr/share/apport/apport -p%p -s%s -c%c -d%d -P%P -u%u -g%g -- %E" (or dumping to /home/viniciuspolo/developer/pergunta-idiota-project/pergunta-idiota-spring/core.9624)
#
# If you would like to submit a bug report, please visit:
#   https://github.com/adoptium/adoptium-support/issues
#

---------------  S U M M A R Y ------------

Command Line: -Dapplication.home=/home/viniciuspolo/.vscode/extensions/redhat.java-1.40.0-linux-x64/jre/21.0.6-linux-x86_64 -Xms8m -Djdk.module.main=jdk.jcmd jdk.jcmd/sun.tools.jcmd.JCmd 5262 VM.uptime

Host: Intel(R) Core(TM) i3-10110U CPU @ 2.10GHz, 4 cores, 15G, Ubuntu 22.04.5 LTS
Time: Tue Mar  4 14:35:00 2025 -03 elapsed time: 0.049604 seconds (0d 0h 0m 0s)

---------------  T H R E A D  ---------------

Current thread (0x000076ab5c02b740):  JavaThread "main"             [_thread_in_Java, id=9625, stack(0x000076ab62500000,0x000076ab62600000) (1024K)]

Stack: [0x000076ab62500000,0x000076ab62600000],  sp=0x000076ab625fd530,  free space=1013k
Native frames: (J=compiled Java code, j=interpreted, Vv=VM code, C=native code)
J 90  java.lang.Class.isPrimitive()Z java.base@21.0.6 (0 bytes) @ 0x000076ab518ce108 [0x000076ab518ce0a0+0x0000000000000068]
j  sun.invoke.util.VerifyAccess.isTypeVisible(Ljava/lang/Class;Ljava/lang/Class;)Z+23 java.base@21.0.6
j  sun.invoke.util.VerifyAccess.isTypeVisible(Ljava/lang/invoke/MethodType;Ljava/lang/Class;)Z+31 java.base@21.0.6
j  java.lang.invoke.MemberName.checkForTypeAlias(Ljava/lang/Class;)V+49 java.base@21.0.6
j  java.lang.invoke.MemberName$Factory.resolve(BLjava/lang/invoke/MemberName;Ljava/lang/Class;IZ)Ljava/lang/invoke/MemberName;+60 java.base@21.0.6
j  java.lang.invoke.MemberName$Factory.resolveOrNull(BLjava/lang/invoke/MemberName;Ljava/lang/Class;I)Ljava/lang/invoke/MemberName;+31 java.base@21.0.6
j  java.lang.invoke.MethodHandles$Lookup.resolveOrNull(BLjava/lang/invoke/MemberName;)Ljava/lang/invoke/MemberName;+42 java.base@21.0.6
j  java.lang.invoke.MethodHandles$Lookup.canBeCached(BLjava/lang/Class;Ljava/lang/invoke/MemberName;)Z+122 java.base@21.0.6
j  java.lang.invoke.MethodHandles$Lookup.linkMethodHandleConstant(BLjava/lang/Class;Ljava/lang/String;Ljava/lang/Object;)Ljava/lang/invoke/MethodHandle;+171 java.base@21.0.6
j  java.lang.invoke.MethodHandleNatives.linkMethodHandleConstant(Ljava/lang/Class;ILjava/lang/Class;Ljava/lang/String;Ljava/lang/Object;)Ljava/lang/invoke/MethodHandle;+38 java.base@21.0.6
v  ~StubRoutines::call_stub 0x000076ab51337cc6
V  [libjvm.so+0x9111d5]  JavaCalls::call_helper(JavaValue*, methodHandle const&, JavaCallArguments*, JavaThread*)+0x2e5
V  [libjvm.so+0x9115a3]  JavaCalls::call_static(JavaValue*, Klass*, Symbol*, Symbol*, JavaCallArguments*, JavaThread*)+0x113
V  [libjvm.so+0xf31bef]  SystemDictionary::link_method_handle_constant(Klass*, int, Klass*, Symbol*, Symbol*, JavaThread*)+0x3cf
V  [libjvm.so+0x69e77b]  ConstantPool::resolve_constant_at_impl(constantPoolHandle const&, int, int, bool*, JavaThread*)+0x6fb
V  [libjvm.so+0x4cf10f]  BootstrapInfo::resolve_bsm(JavaThread*)+0xbf
V  [libjvm.so+0xf3215e]  SystemDictionary::invoke_bootstrap_method(BootstrapInfo&, JavaThread*)+0x4e
V  [libjvm.so+0xb87bb2]  LinkResolver::resolve_dynamic_call(CallInfo&, BootstrapInfo&, JavaThread*)+0x22
V  [libjvm.so+0xb87d66]  LinkResolver::resolve_invokedynamic(CallInfo&, constantPoolHandle const&, int, JavaThread*)+0xb6
V  [libjvm.so+0x907eb6]  InterpreterRuntime::resolve_invokedynamic(JavaThread*)+0x136
V  [libjvm.so+0x90974d]  InterpreterRuntime::resolve_from_cache(JavaThread*, Bytecodes::Code)+0x14d
j  jdk.internal.jimage.BasicImageReader.getResourceBuffer(Ljdk/internal/jimage/ImageLocation;)Ljava/nio/ByteBuffer;+168 java.base@21.0.6
j  jdk.internal.jimage.ImageReader.getResourceBuffer(Ljdk/internal/jimage/ImageLocation;)Ljava/nio/ByteBuffer;+9 java.base@21.0.6
j  jdk.internal.module.SystemModuleFinders$SystemModuleReader.read(Ljava/lang/String;)Ljava/util/Optional;+14 java.base@21.0.6
j  jdk.internal.loader.BuiltinClassLoader.defineClass(Ljava/lang/String;Ljdk/internal/loader/BuiltinClassLoader$LoadedModule;)Ljava/lang/Class;+79 java.base@21.0.6
j  jdk.internal.loader.BuiltinClassLoader.findClassInModuleOrNull(Ljdk/internal/loader/BuiltinClassLoader$LoadedModule;Ljava/lang/String;)Ljava/lang/Class;+9 java.base@21.0.6
j  jdk.internal.loader.BuiltinClassLoader.findClass(Ljava/lang/String;Ljava/lang/String;)Ljava/lang/Class;+42 java.base@21.0.6
j  java.lang.ClassLoader.loadClass(Ljava/lang/Module;Ljava/lang/String;)Ljava/lang/Class;+26 java.base@21.0.6
j  java.lang.Class.forName(Ljava/lang/Module;Ljava/lang/String;Ljava/lang/Class;)Ljava/lang/Class;+77 java.base@21.0.6
j  java.lang.Class.forName(Ljava/lang/Module;Ljava/lang/String;)Ljava/lang/Class;+17 java.base@21.0.6
j  sun.launcher.LauncherHelper.loadModuleMainClass(Ljava/lang/String;)Ljava/lang/Class;+151 java.base@21.0.6
j  sun.launcher.LauncherHelper.checkAndLoadMain(ZILjava/lang/String;)Ljava/lang/Class;+33 java.base@21.0.6
v  ~StubRoutines::call_stub 0x000076ab51337cc6
V  [libjvm.so+0x9111d5]  JavaCalls::call_helper(JavaValue*, methodHandle const&, JavaCallArguments*, JavaThread*)+0x2e5
V  [libjvm.so+0x9bb360]  jni_invoke_static(JNIEnv_*, JavaValue*, _jobject*, JNICallType, _jmethodID*, JNI_ArgumentPusher*, JavaThread*) [clone .constprop.1]+0x390
V  [libjvm.so+0x9bc21a]  jni_CallStaticObjectMethod+0x16a
C  [libjli.so+0x9c13]  JavaMain+0x593
C  [libjli.so+0xd259]  ThreadJavaMain+0x9

siginfo: si_signo: 11 (SIGSEGV), si_code: 1 (SEGV_MAPERR), si_addr: 0x0000000000007ea0

Registers:
RAX=0x0000000000007ea0, RBX=0x000076aae7007ea0, RCX=0x00000007ffe89268, RDX=0x0000000010500001
RSP=0x000076ab625fd530, RBP=0x000076ab625fd570, RSI=0x000076ab625fd530, RDI=0x000076ab5133f2a8
R8 =0x000076aae77b52c8, R9 =0x0000000000000008, R10=0x000076ab518ce0f0, R11=0x000076ab518ce0c0
R12=0x0000000000000000, R13=0x000076ab625fd580, R14=0x000076ab625fd608, R15=0x000076ab625fd530
RIP=0x000076ab518ce108, EFLAGS=0x0000000000010202, CSGSFS=0x002b000000000033, ERR=0x0000000000000004
  TRAPNO=0x000000000000000e

XMM[0]=0x0000000000000000 0x000076ab625fd580
XMM[1]=0x000076ab5c02b740 0x000076aae77b52c8
XMM[2]=0x000076ab51345421 0x000076ab625fd580
XMM[3]=0x0000000000000000 0x000076ab5133ea90
XMM[4]=0x000076ab625fd5d0 0x0000760000000000
XMM[5]=0x0000000000000000 0x000076ab5c02b740
XMM[6]=0x000076ab5c02b740 0x000076aae77b52c8
XMM[7]=0x000003a087c74900 0x0000000000039887
XMM[8]=0x08c483481203a5ac 0xe808ec8348000000
XMM[9]=0x0000000000000000 0x0000000000000000
XMM[10]=0x0000000000002000 0x0000000000000000
XMM[11]=0x0000000000000000 0x000076ab637ba600
XMM[12]=0x0000000000000000 0x0000000000000000
XMM[13]=0x0000000000000000 0x0000000000000000
XMM[14]=0x0000000000000000 0x0000000000000000
XMM[15]=0x0000000000000000 0xcafebabecafebabe
  MXCSR=0x00001fa0


Register to memory mapping:

RAX=0x0000000000007ea0 is an unknown value
RBX={method} {0x000076aae7007ea0} 'isPrimitive' '()Z' in 'java/lang/Class'
RCX=0x00000007ffe89268 is an oop: java.lang.Class 
{0x00000007ffe89268} - klass: 'java/lang/Class'
 - ---- fields (total size 22 words):
 - private volatile transient 'classRedefinedCount' 'I' @12  0 (0x00000000)
 - injected 'klass' 'J' @16  130476392667976 (0x000076aae7095b48)
 - injected 'array_klass' 'J' @24  0 (0x0000000000000000)
 - injected 'oop_size' 'I' @32  22 (0x00000016)
 - injected 'static_oop_field_count' 'I' @36  4 (0x00000004)
 - private volatile transient 'cachedConstructor' 'Ljava/lang/reflect/Constructor;' @40  null (0x00000000)
 - private transient 'name' 'Ljava/lang/String;' @44  null (0x00000000)
 - private transient 'module' 'Ljava/lang/Module;' @48  a 'java/lang/Module'{0x00000007094434e8} (0xe128869d)
 - private final 'classLoader' 'Ljava/lang/ClassLoader;' @52  null (0x00000000)
 - private transient 'classData' 'Ljava/lang/Object;' @56  null (0x00000000)
 - private transient 'packageName' 'Ljava/lang/String;' @60  null (0x00000000)
 - private final 'componentType' 'Ljava/lang/Class;' @64  null (0x00000000)
 - private volatile transient 'reflectionData' 'Ljava/lang/ref/SoftReference;' @68  null (0x00000000)
 - private volatile transient 'genericInfo' 'Lsun/reflect/generics/repository/ClassRepository;' @72  null (0x00000000)
 - private volatile transient 'enumConstants' '[Ljava/lang/Object;' @76  null (0x00000000)
 - private volatile transient 'enumConstantDirectory' 'Ljava/util/Map;' @80  null (0x00000000)
 - private volatile transient 'annotationData' 'Ljava/lang/Class$AnnotationData;' @84  null (0x00000000)
 - private volatile transient 'annotationType' 'Lsun/reflect/annotation/AnnotationType;' @88  null (0x00000000)
 - transient 'classValueMap' 'Ljava/lang/ClassValue$ClassValueMap;' @92  null (0x00000000)
 - injected 'protection_domain' 'Ljava/lang/Object;' @96  null (0x00000000)
 - injected 'signers_name' 'Ljava/lang/Object;' @100  null (0x00000000)
 - injected 'source_file' 'Ljava/lang/Object;' @104  null (0x00000000)
 - injected '<init_lock>' 'Ljava/lang/Object;' @108  null (0x00000000)
 - signature: Ljava/lang/invoke/MethodHandles$Lookup;
 - ---- static fields (4):
 - public static final 'PUBLIC' 'I' @128  1 (0x00000001)
 - public static final 'PRIVATE' 'I' @132  2 (0x00000002)
 - public static final 'PROTECTED' 'I' @136  4 (0x00000004)
 - public static final 'PACKAGE' 'I' @140  8 (0x00000008)
 - public static final 'MODULE' 'I' @144  16 (0x00000010)
 - public static final 'UNCONDITIONAL' 'I' @148  32 (0x00000020)
 - public static final 'ORIGINAL' 'I' @152  64 (0x00000040)
 - private static final 'ALL_MODES' 'I' @156  127 (0x0000007f)
 - private static final 'FULL_POWER_MODES' 'I' @160  95 (0x0000005f)
 - private static final 'TRUSTED' 'I' @164  -1 (0xffffffff)
 - private static final 'DEFAULT_DUMPER' 'Ljdk/internal/util/ClassFileDumper;' @112  a 'jdk/internal/util/ClassFileDumper'{0x000000070940ff78} (0xe1281fef)
 - static final 'IMPL_LOOKUP' 'Ljava/lang/invoke/MethodHandles$Lookup;' @116  a 'java/lang/invoke/MethodHandles$Lookup'{0x000000070940ffc8} (0xe1281ff9)
 - static final 'PUBLIC_LOOKUP' 'Ljava/lang/invoke/MethodHandles$Lookup;' @120  a 'java/lang/invoke/MethodHandles$Lookup'{0x000000070940ffe8} (0xe1281ffd)
 - static 'LOOKASIDE_TABLE' 'Ljava/util/concurrent/ConcurrentHashMap;' @124  a 'java/util/concurrent/ConcurrentHashMap'{0x0000000709410008} (0xe1282001)
 - static final synthetic '$assertionsDisabled' 'Z' @168  true (0x01)
RDX=0x0000000010500001 is an unknown value
RSP=0x000076ab625fd530 is pointing into the stack for thread: 0x000076ab5c02b740
RBP=0x000076ab625fd570 is pointing into the stack for thread: 0x000076ab5c02b740
RSI=0x000076ab625fd530 is pointing into the stack for thread: 0x000076ab5c02b740
RDI=0x000076ab5133f2a8 is at code_begin+1480 in an Interpreter codelet
return entry points  [0x000076ab5133ece0, 0x000076ab5133f880]  2976 bytes
R8 =0x000076aae77b52c8 is pointing into metadata
R9 =0x0000000000000008 is an unknown value
R10=0x000076ab518ce0f0 is at entry_point+80 in (nmethod*)0x000076ab518cdf10
Compiled method (n/a) 72   90     n 0       java.lang.Class::isPrimitive (native)
 total in heap  [0x000076ab518cdf10,0x000076ab518ce278] = 872
 relocation     [0x000076ab518ce068,0x000076ab518ce098] = 48
 main code      [0x000076ab518ce0a0,0x000076ab518ce278] = 472
R11=0x000076ab518ce0c0 is at entry_point+32 in (nmethod*)0x000076ab518cdf10
Compiled method (n/a) 72   90     n 0       java.lang.Class::isPrimitive (native)
 total in heap  [0x000076ab518cdf10,0x000076ab518ce278] = 872
 relocation     [0x000076ab518ce068,0x000076ab518ce098] = 48
 main code      [0x000076ab518ce0a0,0x000076ab518ce278] = 472
R12=0x0 is null
R13=0x000076ab625fd580 is pointing into the stack for thread: 0x000076ab5c02b740
R14=0x000076ab625fd608 is pointing into the stack for thread: 0x000076ab5c02b740
R15=0x000076ab625fd530 is pointing into the stack for thread: 0x000076ab5c02b740

Top of Stack: (sp=0x000076ab625fd530)
0x000076ab625fd530:   00000007ffe89268 0000000000000000
0x000076ab625fd540:   00000007ffe7f160 000076aae7007e38
0x000076ab625fd550:   0000000000000000 000076ab625fd580
0x000076ab625fd560:   000076ab625fd5d0 000076ab5133f2a8
0x000076ab625fd570:   000076ab625fd5d0 000076ab5133f2a8
0x000076ab625fd580:   00000007ffe89268 000076ab625fd588
0x000076ab625fd590:   000076aae77b5d77 0000000000000007
0x000076ab625fd5a0:   000076aae714afb0 0000000000000000
0x000076ab625fd5b0:   00000007ffe91698 000076aae714b6e0
0x000076ab625fd5c0:   000076ab625fd580 000076ab625fd600
0x000076ab625fd5d0:   000076ab625fd658 000076ab5133f2a8
0x000076ab625fd5e0:   0000000000000000 0000000000000000
0x000076ab625fd5f0:   0000000000000000 0000000000000000
0x000076ab625fd600:   00000007ffe891b0 00000007ffe89268
0x000076ab625fd610:   000076ab625fd610 000076aae77b5e57
0x000076ab625fd620:   0000000000000005 000076aae714afb0
0x000076ab625fd630:   0000000000000000 00000007ffe91698
0x000076ab625fd640:   000076aae714b738 000076ab625fd600
0x000076ab625fd650:   000076ab625fd678 000076ab625fd6d0
0x000076ab625fd660:   000076ab5133f2a8 0000000000000006
0x000076ab625fd670:   0000000000000000 00000007ffe891b0
0x000076ab625fd680:   00000007094b19e8 000076ab625fd688
0x000076ab625fd690:   000076aae7ab30d9 0000000000000004
0x000076ab625fd6a0:   000076aae73ea350 0000000000000000
0x000076ab625fd6b0:   00000007ffe85880 000076aae73e88c8
0x000076ab625fd6c0:   000076ab625fd678 000076ab625fd6e8
0x000076ab625fd6d0:   000076ab625fd740 000076ab5133f180
0x000076ab625fd6e0:   00000007094b19e8 00000007ffe891b0
0x000076ab625fd6f0:   00000007094b5c98 000076ab625fd6f8
0x000076ab625fd700:   000076aae77b3f24 0000000000000009
0x000076ab625fd710:   000076aae7148ec0 0000000000000000
0x000076ab625fd720:   00000007ffe90c90 000076aae71492c8 

Instructions: (pc=0x000076ab518ce108)
0x000076ab518ce008:   8f 01 00 00 00 00 00 00 90 01 00 00 68 03 00 00
0x000076ab518ce018:   68 03 00 00 68 03 00 00 00 00 00 00 68 03 00 00
0x000076ab518ce028:   68 03 00 00 68 03 00 00 68 03 00 00 68 03 00 00
0x000076ab518ce038:   68 03 00 00 68 03 00 00 00 00 00 00 5a 00 00 00
0x000076ab518ce048:   00 00 00 00 02 00 00 00 00 00 00 00 00 00 00 00
0x000076ab518ce058:   00 02 00 00 00 00 00 00 00 00 00 00 00 00 00 00
0x000076ab518ce068:   1a 31 20 31 03 78 19 40 03 7c b2 63 fd 8e ab 76
0x000076ab518ce078:   18 39 0e 60 1b 31 0e 31 18 31 51 31 03 7c b2 63
0x000076ab518ce088:   fd 8e ab 76 28 39 11 60 1b 31 0e 31 40 31 17 31
0x000076ab518ce098:   00 00 00 00 00 00 00 00 44 8b 56 08 49 bb 00 00
0x000076ab518ce0a8:   00 e7 aa 76 00 00 4d 03 d3 49 3b c2 0f 84 06 00
0x000076ab518ce0b8:   00 00 e9 c1 6f ab ff 90 89 84 24 00 c0 fe ff 55
0x000076ab518ce0c8:   48 8b ec 48 83 ec 40 90 41 81 7f 20 01 00 00 00
0x000076ab518ce0d8:   74 05 e8 c1 d3 a9 ff 48 89 34 24 48 83 fe 00 48
0x000076ab518ce0e8:   8d 34 24 48 0f 44 34 24 c5 f8 77 49 ba f0 e0 8c
0x000076ab518ce0f8:   51 ab 76 00 00 4d 89 97 a0 03 00 00 49 89 e7 98
0x000076ab518ce108:   03 00 00 80 3d eb ad 25 12 00 0f 84 30 00 00 00
0x000076ab518ce118:   56 48 be a0 7e 00 e7 aa 76 00 00 49 8b ff 40 f6
0x000076ab518ce128:   c4 0f 0f 84 12 00 00 00 48 83 ec 08 e8 67 21 af
0x000076ab518ce138:   11 48 83 c4 08 e9 05 00 00 00 e8 59 21 af 11 5e
0x000076ab518ce148:   49 8d bf b8 03 00 00 41 c7 87 44 04 00 00 04 00
0x000076ab518ce158:   00 00 e8 c1 fd 71 11 c5 f8 77 25 ff 00 00 00 0f
0x000076ab518ce168:   95 c0 41 c7 87 44 04 00 00 05 00 00 00 f0 83 44
0x000076ab518ce178:   24 c0 00 49 3b af 48 04 00 00 0f 87 0e 00 00 00
0x000076ab518ce188:   41 83 bf 40 04 00 00 00 0f 84 24 00 00 00 c5 f8
0x000076ab518ce198:   77 48 89 45 f8 49 8b ff 4c 8b e4 48 83 ec 00 48
0x000076ab518ce1a8:   83 e4 f0 e8 30 b5 65 11 49 8b e4 4d 33 e4 48 8b
0x000076ab518ce1b8:   45 f8 41 c7 87 44 04 00 00 08 00 00 00 41 83 bf
0x000076ab518ce1c8:   c0 04 00 00 02 0f 84 7f 00 00 00 80 3d 23 ad 25
0x000076ab518ce1d8:   12 00 0f 84 36 00 00 00 48 89 45 f8 48 be a0 7e
0x000076ab518ce1e8:   00 e7 aa 76 00 00 49 8b ff 40 f6 c4 0f 0f 84 12
0x000076ab518ce1f8:   00 00 00 48 83 ec 08 e8 8c 21 af 11 48 83 c4 08 


Stack slot to memory mapping:

stack at sp + 0 slots: 0x00000007ffe89268 is an oop: java.lang.Class 
{0x00000007ffe89268} - klass: 'java/lang/Class'
 - ---- fields (total size 22 words):
 - private volatile transient 'classRedefinedCount' 'I' @12  0 (0x00000000)
 - injected 'klass' 'J' @16  130476392667976 (0x000076aae7095b48)
 - injected 'array_klass' 'J' @24  0 (0x0000000000000000)
 - injected 'oop_size' 'I' @32  22 (0x00000016)
 - injected 'static_oop_field_count' 'I' @36  4 (0x00000004)
 - private volatile transient 'cachedConstructor' 'Ljava/lang/reflect/Constructor;' @40  null (0x00000000)
 - private transient 'name' 'Ljava/lang/String;' @44  null (0x00000000)
 - private transient 'module' 'Ljava/lang/Module;' @48  a 'java/lang/Module'{0x00000007094434e8} (0xe128869d)
 - private final 'classLoader' 'Ljava/lang/ClassLoader;' @52  null (0x00000000)
 - private transient 'classData' 'Ljava/lang/Object;' @56  null (0x00000000)
 - private transient 'packageName' 'Ljava/lang/String;' @60  null (0x00000000)
 - private final 'componentType' 'Ljava/lang/Class;' @64  null (0x00000000)
 - private volatile transient 'reflectionData' 'Ljava/lang/ref/SoftReference;' @68  null (0x00000000)
 - private volatile transient 'genericInfo' 'Lsun/reflect/generics/repository/ClassRepository;' @72  null (0x00000000)
 - private volatile transient 'enumConstants' '[Ljava/lang/Object;' @76  null (0x00000000)
 - private volatile transient 'enumConstantDirectory' 'Ljava/util/Map;' @80  null (0x00000000)
 - private volatile transient 'annotationData' 'Ljava/lang/Class$AnnotationData;' @84  null (0x00000000)
 - private volatile transient 'annotationType' 'Lsun/reflect/annotation/AnnotationType;' @88  null (0x00000000)
 - transient 'classValueMap' 'Ljava/lang/ClassValue$ClassValueMap;' @92  null (0x00000000)
 - injected 'protection_domain' 'Ljava/lang/Object;' @96  null (0x00000000)
 - injected 'signers_name' 'Ljava/lang/Object;' @100  null (0x00000000)
 - injected 'source_file' 'Ljava/lang/Object;' @104  null (0x00000000)
 - injected '<init_lock>' 'Ljava/lang/Object;' @108  null (0x00000000)
 - signature: Ljava/lang/invoke/MethodHandles$Lookup;
 - ---- static fields (4):
 - public static final 'PUBLIC' 'I' @128  1 (0x00000001)
 - public static final 'PRIVATE' 'I' @132  2 (0x00000002)
 - public static final 'PROTECTED' 'I' @136  4 (0x00000004)
 - public static final 'PACKAGE' 'I' @140  8 (0x00000008)
 - public static final 'MODULE' 'I' @144  16 (0x00000010)
 - public static final 'UNCONDITIONAL' 'I' @148  32 (0x00000020)
 - public static final 'ORIGINAL' 'I' @152  64 (0x00000040)
 - private static final 'ALL_MODES' 'I' @156  127 (0x0000007f)
 - private static final 'FULL_POWER_MODES' 'I' @160  95 (0x0000005f)
 - private static final 'TRUSTED' 'I' @164  -1 (0xffffffff)
 - private static final 'DEFAULT_DUMPER' 'Ljdk/internal/util/ClassFileDumper;' @112  a 'jdk/internal/util/ClassFileDumper'{0x000000070940ff78} (0xe1281fef)
 - static final 'IMPL_LOOKUP' 'Ljava/lang/invoke/MethodHandles$Lookup;' @116  a 'java/lang/invoke/MethodHandles$Lookup'{0x000000070940ffc8} (0xe1281ff9)
 - static final 'PUBLIC_LOOKUP' 'Ljava/lang/invoke/MethodHandles$Lookup;' @120  a 'java/lang/invoke/MethodHandles$Lookup'{0x000000070940ffe8} (0xe1281ffd)
 - static 'LOOKASIDE_TABLE' 'Ljava/util/concurrent/ConcurrentHashMap;' @124  a 'java/util/concurrent/ConcurrentHashMap'{0x0000000709410008} (0xe1282001)
 - static final synthetic '$assertionsDisabled' 'Z' @168  true (0x01)
stack at sp + 1 slots: 0x0 is null
stack at sp + 2 slots: 0x00000007ffe7f160 is an oop: java.lang.Class 
{0x00000007ffe7f160} - klass: 'java/lang/Class'
 - ---- fields (total size 19 words):
 - private volatile transient 'classRedefinedCount' 'I' @12  0 (0x00000000)
 - injected 'klass' 'J' @16  130476392082328 (0x000076aae7006b98)
 - injected 'array_klass' 'J' @24  130476392083168 (0x000076aae7006ee0)
 - injected 'oop_size' 'I' @32  19 (0x00000013)
 - injected 'static_oop_field_count' 'I' @36  4 (0x00000004)
 - private volatile transient 'cachedConstructor' 'Ljava/lang/reflect/Constructor;' @40  null (0x00000000)
 - private transient 'name' 'Ljava/lang/String;' @44  null (0x00000000)
 - private transient 'module' 'Ljava/lang/Module;' @48  a 'java/lang/Module'{0x00000007094434e8} (0xe128869d)
 - private final 'classLoader' 'Ljava/lang/ClassLoader;' @52  null (0x00000000)
 - private transient 'classData' 'Ljava/lang/Object;' @56  null (0x00000000)
 - private transient 'packageName' 'Ljava/lang/String;' @60  null (0x00000000)
 - private final 'componentType' 'Ljava/lang/Class;' @64  null (0x00000000)
 - private volatile transient 'reflectionData' 'Ljava/lang/ref/SoftReference;' @68  null (0x00000000)
 - private volatile transient 'genericInfo' 'Lsun/reflect/generics/repository/ClassRepository;' @72  null (0x00000000)
 - private volatile transient 'enumConstants' '[Ljava/lang/Object;' @76  null (0x00000000)
 - private volatile transient 'enumConstantDirectory' 'Ljava/util/Map;' @80  null (0x00000000)
 - private volatile transient 'annotationData' 'Ljava/lang/Class$AnnotationData;' @84  null (0x00000000)
 - private volatile transient 'annotationType' 'Lsun/reflect/annotation/AnnotationType;' @88  null (0x00000000)
 - transient 'classValueMap' 'Ljava/lang/ClassValue$ClassValueMap;' @92  null (0x00000000)
 - injected 'protection_domain' 'Ljava/lang/Object;' @96  null (0x00000000)
 - injected 'signers_name' 'Ljava/lang/Object;' @100  null (0x00000000)
 - injected 'source_file' 'Ljava/lang/Object;' @104  null (0x00000000)
 - injected '<init_lock>' 'Ljava/lang/Object;' @108  null (0x00000000)
 - signature: Ljava/lang/Class;
 - ---- static fields (4):
 - private static final 'ANNOTATION' 'I' @136  8192 (0x00002000)
 - private static final 'ENUM' 'I' @140  16384 (0x00004000)
 - private static final 'SYNTHETIC' 'I' @144  4096 (0x00001000)
 - private static 'allPermDomain' 'Ljava/security/ProtectionDomain;' @112  null (0x00000000)
 - private static final 'EMPTY_CLASS_ARRAY' '[Ljava/lang/Class;' @116  a 'java/lang/Class'[0] {0x0000000709401f40} (0xe12803e8)
 - private static final 'serialVersionUID' 'J' @128  3206093459760846163 (0x2c7e5503d9bf9553)
 - private static final 'serialPersistentFields' '[Ljava/io/ObjectStreamField;' @120  a 'java/io/ObjectStreamField'[0] {0x0000000709401f50} (0xe12803ea)
 - private static 'reflectionFactory' 'Ljdk/internal/reflect/ReflectionFactory;' @124  null (0x00000000)
stack at sp + 3 slots: {method} {0x000076aae7007e38} 'isArray' '()Z' in 'java/lang/Class'
stack at sp + 4 slots: 0x0 is null
stack at sp + 5 slots: 0x000076ab625fd580 is pointing into the stack for thread: 0x000076ab5c02b740
stack at sp + 6 slots: 0x000076ab625fd5d0 is pointing into the stack for thread: 0x000076ab5c02b740
stack at sp + 7 slots: 0x000076ab5133f2a8 is at code_begin+1480 in an Interpreter codelet
return entry points  [0x000076ab5133ece0, 0x000076ab5133f880]  2976 bytes


Compiled method (n/a) 76   90     n 0       java.lang.Class::isPrimitive (native)
 total in heap  [0x000076ab518cdf10,0x000076ab518ce278] = 872
 relocation     [0x000076ab518ce068,0x000076ab518ce098] = 48
 main code      [0x000076ab518ce0a0,0x000076ab518ce278] = 472

[Constant Pool (empty)]

[MachCode]
[Entry Point]
  # {method} {0x000076aae7007ea0} 'isPrimitive' '()Z' in 'java/lang/Class'
  #           [sp+0x50]  (sp of caller)
  0x000076ab518ce0a0: 448b 5608 | 49bb 0000 | 00e7 aa76 | 0000 4d03 | d349 3bc2 | 0f84 0600 

  0x000076ab518ce0b8: ;   {runtime_call ic_miss_stub}
  0x000076ab518ce0b8: 0000 e9c1 | 6fab ff90 
[Verified Entry Point]
  0x000076ab518ce0c0: 8984 2400 | c0fe ff55 | 488b ec48 | 83ec 4090 | 4181 7f20 | 0100 0000 

  0x000076ab518ce0d8: ;   {runtime_call StubRoutines (final stubs)}
  0x000076ab518ce0d8: 7405 e8c1 | d3a9 ff48 | 8934 2448 | 83fe 0048 | 8d34 2448 | 0f44 3424 

  0x000076ab518ce0f0: ;   {internal_word}
  0x000076ab518ce0f0: c5f8 7749 | baf0 e08c | 51ab 7600 | 004d 8997 | a003 0000 | 4989 e798 

  0x000076ab518ce108: ;   {external_word}
  0x000076ab518ce108: 0300 0080 | 3deb ad25 | 1200 0f84 | 3000 0000 

  0x000076ab518ce118: ;   {metadata({method} {0x000076aae7007ea0} 'isPrimitive' '()Z' in 'java/lang/Class')}
  0x000076ab518ce118: 5648 bea0 | 7e00 e7aa | 7600 0049 | 8bff 40f6 | c40f 0f84 | 1200 0000 | 4883 ec08 

  0x000076ab518ce134: ;   {runtime_call SharedRuntime::dtrace_method_entry(JavaThread*, Method*)}
  0x000076ab518ce134: e867 21af | 1148 83c4 | 08e9 0500 

  0x000076ab518ce140: ;   {runtime_call SharedRuntime::dtrace_method_entry(JavaThread*, Method*)}
  0x000076ab518ce140: 0000 e859 | 21af 115e | 498d bfb8 | 0300 0041 | c787 4404 | 0000 0400 

  0x000076ab518ce158: ;   {runtime_call JVM_IsPrimitiveClass}
  0x000076ab518ce158: 0000 e8c1 | fd71 11c5 | f877 25ff | 0000 000f | 95c0 41c7 | 8744 0400 | 0005 0000 | 00f0 8344 
  0x000076ab518ce178: 24c0 0049 | 3baf 4804 | 0000 0f87 | 0e00 0000 | 4183 bf40 | 0400 0000 | 0f84 2400 | 0000 c5f8 
  0x000076ab518ce198: 7748 8945 | f849 8bff | 4c8b e448 | 83ec 0048 

  0x000076ab518ce1a8: ;   {runtime_call JavaThread::check_special_condition_for_native_trans(JavaThread*)}
  0x000076ab518ce1a8: 83e4 f0e8 | 30b5 6511 | 498b e44d | 33e4 488b | 45f8 41c7 | 8744 0400 | 0008 0000 | 0041 83bf 
  0x000076ab518ce1c8: c004 0000 | 020f 847f 

  0x000076ab518ce1d0: ;   {external_word}
  0x000076ab518ce1d0: 0000 0080 | 3d23 ad25 | 1200 0f84 | 3600 0000 | 4889 45f8 

  0x000076ab518ce1e4: ;   {metadata({method} {0x000076aae7007ea0} 'isPrimitive' '()Z' in 'java/lang/Class')}
  0x000076ab518ce1e4: 48be a07e | 00e7 aa76 | 0000 498b | ff40 f6c4 | 0f0f 8412 | 0000 0048 

  0x000076ab518ce1fc: ;   {runtime_call SharedRuntime::dtrace_method_exit(JavaThread*, Method*)}
  0x000076ab518ce1fc: 83ec 08e8 | 8c21 af11 | 4883 c408 | e905 0000 

  0x000076ab518ce20c: ;   {runtime_call SharedRuntime::dtrace_method_exit(JavaThread*, Method*)}
  0x000076ab518ce20c: 00e8 7e21 | af11 488b | 45f8 49c7 | 8798 0300 | 0000 0000 | 0049 c787 | a003 0000 | 0000 0000 
  0x000076ab518ce22c: c5f8 7749 | 8b8f 2804 | 0000 c781 | 0001 0000 | 0000 0000 | c949 837f | 0800 0f85 | 0100 0000 
  0x000076ab518ce24c: ;   {runtime_call StubRoutines (initial stubs)}
  0x000076ab518ce24c: c3e9 ae99 | a6ff c5f8 | 7748 8945 | f84c 8be4 | 4883 ec00 | 4883 e4f0 

  0x000076ab518ce264: ;   {runtime_call SharedRuntime::reguard_yellow_pages()}
  0x000076ab518ce264: e807 31af | 1149 8be4 | 4d33 e448 | 8b45 f8e9 | 5bff ffff 
[/MachCode]


---------------  P R O C E S S  ---------------

Threads class SMR info:
_java_thread_list=0x000076ab5c18fe80, length=9, elements={
0x000076ab5c02b740, 0x000076ab5c0f2150, 0x000076ab5c0f36b0, 0x000076ab5c0f4e30,
0x000076ab5c0f6460, 0x000076ab5c0f79f0, 0x000076ab5c0f9520, 0x000076ab5c0fabd0,
0x000076ab5c18ed30
}

Java Threads: ( => current thread )
=>0x000076ab5c02b740 JavaThread "main"                              [_thread_in_Java, id=9625, stack(0x000076ab62500000,0x000076ab62600000) (1024K)]
  0x000076ab5c0f2150 JavaThread "Reference Handler"          daemon [_thread_blocked, id=9633, stack(0x000076ab45f00000,0x000076ab46000000) (1024K)]
  0x000076ab5c0f36b0 JavaThread "Finalizer"                  daemon [_thread_blocked, id=9634, stack(0x000076ab45e00000,0x000076ab45f00000) (1024K)]
  0x000076ab5c0f4e30 JavaThread "Signal Dispatcher"          daemon [_thread_blocked, id=9635, stack(0x000076ab45d00000,0x000076ab45e00000) (1024K)]
  0x000076ab5c0f6460 JavaThread "Service Thread"             daemon [_thread_blocked, id=9636, stack(0x000076ab45c00000,0x000076ab45d00000) (1024K)]
  0x000076ab5c0f79f0 JavaThread "Monitor Deflation Thread"   daemon [_thread_blocked, id=9637, stack(0x000076ab45b00000,0x000076ab45c00000) (1024K)]
  0x000076ab5c0f9520 JavaThread "C2 CompilerThread0"         daemon [_thread_blocked, id=9638, stack(0x000076ab45a00000,0x000076ab45b00000) (1024K)]
  0x000076ab5c0fabd0 JavaThread "C1 CompilerThread0"         daemon [_thread_blocked, id=9639, stack(0x000076ab45900000,0x000076ab45a00000) (1024K)]
  0x000076ab5c18ed30 JavaThread "Notification Thread"        daemon [_thread_blocked, id=9640, stack(0x000076ab45800000,0x000076ab45900000) (1024K)]
Total: 9

Other Threads:
  0x000076ab5c0de6a0 VMThread "VM Thread"                           [id=9632, stack(0x000076ab60376000,0x000076ab60476000) (1024K)]
  0x000076ab5c0ccb50 WatcherThread "VM Periodic Task Thread"        [id=9631, stack(0x000076ab60477000,0x000076ab60577000) (1024K)]
  0x000076ab5c092ab0 WorkerThread "GC Thread#0"                     [id=9626, stack(0x000076ab61e26000,0x000076ab61f26000) (1024K)]
  0x000076ab5c0a37b0 ConcurrentGCThread "G1 Main Marker"            [id=9627, stack(0x000076ab60d00000,0x000076ab60e00000) (1024K)]
  0x000076ab5c0a4750 WorkerThread "G1 Conc#0"                       [id=9628, stack(0x000076ab60bff000,0x000076ab60cff000) (1024K)]
  0x000076ab5c0ba370 ConcurrentGCThread "G1 Refine#0"               [id=9629, stack(0x000076ab606fa000,0x000076ab607fa000) (1024K)]
  0x000076ab5c0bb320 ConcurrentGCThread "G1 Service"                [id=9630, stack(0x000076ab605f9000,0x000076ab606f9000) (1024K)]
Total: 7

Threads with active compile tasks:
Total: 0

VM state: not at safepoint (normal execution)

VM Mutex/Monitor currently owned by a thread: None

Heap address: 0x0000000708e00000, size: 3954 MB, Compressed Oops mode: Zero based, Oop shift amount: 3

CDS archive(s) mapped at: [0x000076aae7000000-0x000076aae7bb6000-0x000076aae7bb6000), size 12279808, SharedBaseAddress: 0x000076aae7000000, ArchiveRelocationMode: 1.
Compressed class space mapped at: 0x000076aae8000000-0x000076ab28000000, reserved size: 1073741824
Narrow klass base: 0x000076aae7000000, Narrow klass shift: 0, Narrow klass range: 0x100000000

GC Precious Log:
 CardTable entry size: 512
 Card Set container configuration: InlinePtr #cards 4 size 8 Array Of Cards #cards 16 size 48 Howl #buckets 8 coarsen threshold 3686 Howl Bitmap #cards 512 size 80 coarsen threshold 460 Card regions per heap region 1 cards per card region 4096
 CPUs: 4 total, 4 available
 Memory: 15808M
 Large Page Support: Disabled
 NUMA Support: Disabled
 Compressed Oops: Enabled (Zero based)
 Heap Region Size: 2M
 Heap Min Capacity: 8M
 Heap Initial Capacity: 8M
 Heap Max Capacity: 3954M
 Pre-touch: Disabled
 Parallel Workers: 4
 Concurrent Workers: 1
 Concurrent Refinement Workers: 4
 Periodic GC: Disabled

Heap:
 garbage-first heap   total 10240K, used 1066K [0x0000000708e00000, 0x0000000800000000)
  region size 2048K, 1 young (2048K), 0 survivors (0K)
 Metaspace       used 163K, committed 256K, reserved 1114112K
  class space    used 7K, committed 64K, reserved 1048576K

Heap Regions: E=young(eden), S=young(survivor), O=old, HS=humongous(starts), HC=humongous(continues), CS=collection set, F=free, TAMS=top-at-mark-start, PB=parsable bottom
|   0|0x0000000708e00000, 0x0000000708e00000, 0x0000000709000000|  0%| F|  |TAMS 0x0000000708e00000| PB 0x0000000708e00000| Untracked 
|   1|0x0000000709000000, 0x0000000709000000, 0x0000000709200000|  0%| F|  |TAMS 0x0000000709000000| PB 0x0000000709000000| Untracked 
|   2|0x0000000709200000, 0x0000000709200000, 0x0000000709400000|  0%| F|  |TAMS 0x0000000709200000| PB 0x0000000709200000| Untracked 
|   3|0x0000000709400000, 0x00000007094b8ef8, 0x0000000709600000| 36%| E|  |TAMS 0x0000000709400000| PB 0x0000000709400000| Complete 
|1976|0x00000007ffe00000, 0x00000007fff0aa80, 0x0000000800000000| 52%| O|  |TAMS 0x00000007ffe00000| PB 0x00000007ffe00000| Untracked 

Card table byte_map: [0x000076ab60e00000,0x000076ab615b9000] _byte_map_base: 0x000076ab5d5b9000

Marking Bits: (CMBitMap*) 0x000076ab5c0935d0
 Bits: [0x000076ab46000000, 0x000076ab49dc8000)

Polling page: 0x000076ab63fdf000

Metaspace:

Usage:
  Non-class:    155,78 KB used.
      Class:      7,76 KB used.
       Both:    163,54 KB used.

Virtual space:
  Non-class space:       64,00 MB reserved,     192,00 KB ( <1%) committed,  1 nodes.
      Class space:        1,00 GB reserved,      64,00 KB ( <1%) committed,  1 nodes.
             Both:        1,06 GB reserved,     256,00 KB ( <1%) committed. 

Chunk freelists:
   Non-Class:  12,00 MB
       Class:  15,75 MB
        Both:  27,75 MB

MaxMetaspaceSize: unlimited
CompressedClassSpaceSize: 1,00 GB
Initial GC threshold: 21,00 MB
Current GC threshold: 21,00 MB
CDS: on
 - commit_granule_bytes: 65536.
 - commit_granule_words: 8192.
 - virtual_space_node_default_size: 8388608.
 - enlarge_chunks_in_place: 1.
 - use_allocation_guard: 0.


Internal statistics:

num_allocs_failed_limit: 0.
num_arena_births: 2.
num_arena_deaths: 0.
num_vsnodes_births: 2.
num_vsnodes_deaths: 0.
num_space_committed: 4.
num_space_uncommitted: 0.
num_chunks_returned_to_freelist: 0.
num_chunks_taken_from_freelist: 3.
num_chunk_merges: 0.
num_chunk_splits: 2.
num_chunks_enlarged: 0.
num_inconsistent_stats: 0.

CodeHeap 'non-profiled nmethods': size=120032Kb used=24Kb max_used=24Kb free=120007Kb
 bounds [0x000076ab518c8000, 0x000076ab51b38000, 0x000076ab58e00000]
CodeHeap 'profiled nmethods': size=120028Kb used=99Kb max_used=99Kb free=119928Kb
 bounds [0x000076ab49e00000, 0x000076ab4a070000, 0x000076ab51337000]
CodeHeap 'non-nmethods': size=5700Kb used=1208Kb max_used=1208Kb free=4491Kb
 bounds [0x000076ab51337000, 0x000076ab515a7000, 0x000076ab518c8000]
 total_blobs=435 nmethods=89 adapters=252
 compilation: enabled
              stopped_count=0, restarted_count=0
 full_count=0

Compilation events (20 events):
Event: 0,045 Thread 0x000076ab5c0fabd0   44       1       java.lang.module.ModuleDescriptor::requires (5 bytes)
Event: 0,045 Thread 0x000076ab5c0fabd0 nmethod 44 0x000076ab518cd010 code [0x000076ab518cd1a0, 0x000076ab518cd268]
Event: 0,045 Thread 0x000076ab5c0fabd0   82       1       java.lang.module.ModuleDescriptor$Provides::service (5 bytes)
Event: 0,045 Thread 0x000076ab5c0fabd0 nmethod 82 0x000076ab518cd310 code [0x000076ab518cd4a0, 0x000076ab518cd568]
Event: 0,045 Thread 0x000076ab5c0fabd0   62       1       java.lang.module.ModuleDescriptor::provides (5 bytes)
Event: 0,045 Thread 0x000076ab5c0fabd0 nmethod 62 0x000076ab518cd610 code [0x000076ab518cd7a0, 0x000076ab518cd868]
Event: 0,045 Thread 0x000076ab5c0fabd0   73       1       java.lang.module.ModuleDescriptor::packages (5 bytes)
Event: 0,045 Thread 0x000076ab5c0fabd0 nmethod 73 0x000076ab518cd910 code [0x000076ab518cdaa0, 0x000076ab518cdb68]
Event: 0,045 Thread 0x000076ab5c0fabd0   83       3       java.lang.String::isLatin1 (19 bytes)
Event: 0,046 Thread 0x000076ab5c0fabd0 nmethod 83 0x000076ab49e17190 code [0x000076ab49e17320, 0x000076ab49e17488]
Event: 0,046 Thread 0x000076ab5c0fabd0   84       3       java.lang.String::charAt (25 bytes)
Event: 0,046 Thread 0x000076ab5c0fabd0 nmethod 84 0x000076ab49e17510 code [0x000076ab49e176e0, 0x000076ab49e17a68]
Event: 0,046 Thread 0x000076ab5c0fabd0   85       3       jdk.internal.util.ArraysSupport::signedHashCode (37 bytes)
Event: 0,046 Thread 0x000076ab5c0fabd0 nmethod 85 0x000076ab49e17c10 code [0x000076ab49e17dc0, 0x000076ab49e17f80]
Event: 0,046 Thread 0x000076ab5c0fabd0   86       3       java.lang.Math::min (11 bytes)
Event: 0,047 Thread 0x000076ab5c0fabd0 nmethod 86 0x000076ab49e18090 code [0x000076ab49e18220, 0x000076ab49e18350]
Event: 0,047 Thread 0x000076ab5c0fabd0   87       3       java.lang.String::isEmpty (14 bytes)
Event: 0,047 Thread 0x000076ab5c0fabd0 nmethod 87 0x000076ab49e18410 code [0x000076ab49e185a0, 0x000076ab49e18708]
Event: 0,047 Thread 0x000076ab5c0fabd0   88       3       java.lang.String::getBytes (44 bytes)
Event: 0,047 Thread 0x000076ab5c0fabd0 nmethod 88 0x000076ab49e18790 code [0x000076ab49e18960, 0x000076ab49e18c50]

GC Heap History (0 events):
No events

Dll operation events (4 events):
Event: 0,003 Loaded shared library /home/viniciuspolo/.vscode/extensions/redhat.java-1.40.0-linux-x64/jre/21.0.6-linux-x86_64/lib/libjava.so
Event: 0,034 Loaded shared library /home/viniciuspolo/.vscode/extensions/redhat.java-1.40.0-linux-x64/jre/21.0.6-linux-x86_64/lib/libzip.so
Event: 0,046 Loaded shared library /home/viniciuspolo/.vscode/extensions/redhat.java-1.40.0-linux-x64/jre/21.0.6-linux-x86_64/lib/libnio.so
Event: 0,047 Loaded shared library /home/viniciuspolo/.vscode/extensions/redhat.java-1.40.0-linux-x64/jre/21.0.6-linux-x86_64/lib/libjimage.so

Deoptimization events (0 events):
No events

Classes loaded (14 events):
Event: 0,033 Loading class jdk/internal/module/ModuleReferenceImpl$CachedHash
Event: 0,034 Loading class jdk/internal/module/ModuleReferenceImpl$CachedHash done
Event: 0,045 Loading class jdk/internal/vm/PostVMInitHook
Event: 0,045 Loading class jdk/internal/vm/PostVMInitHook done
Event: 0,045 Loading class jdk/internal/module/ModulePatcher$PatchedModuleReader
Event: 0,045 Loading class jdk/internal/module/ModulePatcher$PatchedModuleReader done
Event: 0,047 Loading class jdk/internal/jimage/ImageBufferCache
Event: 0,047 Loading class jdk/internal/jimage/ImageBufferCache done
Event: 0,047 Loading class jdk/internal/jimage/ImageBufferCache$1
Event: 0,047 Loading class jdk/internal/jimage/ImageBufferCache$1 done
Event: 0,047 Loading class jdk/internal/jimage/ImageBufferCache$2
Event: 0,047 Loading class jdk/internal/jimage/ImageBufferCache$2 done
Event: 0,047 Loading class java/util/AbstractMap$SimpleEntry
Event: 0,048 Loading class java/util/AbstractMap$SimpleEntry done

Classes unloaded (0 events):
No events

Classes redefined (0 events):
No events

Internal exceptions (0 events):
No events

ZGC Phase Switch (0 events):
No events

VM Operations (0 events):
No events

Memory protections (9 events):
Event: 0,002 Protecting memory [0x000076ab62500000,0x000076ab62504000] with protection modes 0
Event: 0,025 Protecting memory [0x000076ab45f00000,0x000076ab45f04000] with protection modes 0
Event: 0,025 Protecting memory [0x000076ab45e00000,0x000076ab45e04000] with protection modes 0
Event: 0,025 Protecting memory [0x000076ab45d00000,0x000076ab45d04000] with protection modes 0
Event: 0,025 Protecting memory [0x000076ab45c00000,0x000076ab45c04000] with protection modes 0
Event: 0,025 Protecting memory [0x000076ab45b00000,0x000076ab45b04000] with protection modes 0
Event: 0,025 Protecting memory [0x000076ab45a00000,0x000076ab45a04000] with protection modes 0
Event: 0,025 Protecting memory [0x000076ab45900000,0x000076ab45904000] with protection modes 0
Event: 0,045 Protecting memory [0x000076ab45800000,0x000076ab45804000] with protection modes 0

Nmethod flushes (0 events):
No events

Events (9 events):
Event: 0,016 Thread 0x000076ab5c02b740 Thread added: 0x000076ab5c02b740
Event: 0,025 Thread 0x000076ab5c02b740 Thread added: 0x000076ab5c0f2150
Event: 0,025 Thread 0x000076ab5c02b740 Thread added: 0x000076ab5c0f36b0
Event: 0,025 Thread 0x000076ab5c02b740 Thread added: 0x000076ab5c0f4e30
Event: 0,025 Thread 0x000076ab5c02b740 Thread added: 0x000076ab5c0f6460
Event: 0,025 Thread 0x000076ab5c02b740 Thread added: 0x000076ab5c0f79f0
Event: 0,025 Thread 0x000076ab5c02b740 Thread added: 0x000076ab5c0f9520
Event: 0,025 Thread 0x000076ab5c02b740 Thread added: 0x000076ab5c0fabd0
Event: 0,045 Thread 0x000076ab5c02b740 Thread added: 0x000076ab5c18ed30


Dynamic libraries:
708e00000-709600000 rw-p 00000000 00:00 0 
709600000-7ffe00000 ---p 00000000 00:00 0 
7ffe00000-7fff0b000 rw-p 00bf2000 08:02 8040592                          /home/viniciuspolo/.vscode/extensions/redhat.java-1.40.0-linux-x64/jre/21.0.6-linux-x86_64/lib/server/classes.jsa
7fff0b000-800000000 rw-p 00000000 00:00 0 
5b20456c2000-5b20456c3000 r-xp 00000000 08:02 8040183                    /home/viniciuspolo/.vscode/extensions/redhat.java-1.40.0-linux-x64/jre/21.0.6-linux-x86_64/bin/jcmd
5b20456c4000-5b20456c5000 r--p 00001000 08:02 8040183                    /home/viniciuspolo/.vscode/extensions/redhat.java-1.40.0-linux-x64/jre/21.0.6-linux-x86_64/bin/jcmd
5b20456c5000-5b20456c6000 rw-p 00002000 08:02 8040183                    /home/viniciuspolo/.vscode/extensions/redhat.java-1.40.0-linux-x64/jre/21.0.6-linux-x86_64/bin/jcmd
5b205e3e8000-5b205e42e000 rw-p 00000000 00:00 0                          [heap]
76aaa4000000-76aaa4021000 rw-p 00000000 00:00 0 
76aaa4021000-76aaa8000000 ---p 00000000 00:00 0 
76aaac000000-76aaac03e000 rw-p 00000000 00:00 0 
76aaac03e000-76aab0000000 ---p 00000000 00:00 0 
76aab0000000-76aab007f000 rw-p 00000000 00:00 0 
76aab007f000-76aab4000000 ---p 00000000 00:00 0 
76aab8000000-76aab8021000 rw-p 00000000 00:00 0 
76aab8021000-76aabc000000 ---p 00000000 00:00 0 
76aabc000000-76aabc021000 rw-p 00000000 00:00 0 
76aabc021000-76aac0000000 ---p 00000000 00:00 0 
76aac4000000-76aac4021000 rw-p 00000000 00:00 0 
76aac4021000-76aac8000000 ---p 00000000 00:00 0 
76aac8000000-76aac8021000 rw-p 00000000 00:00 0 
76aac8021000-76aacc000000 ---p 00000000 00:00 0 
76aad0000000-76aad0021000 rw-p 00000000 00:00 0 
76aad0021000-76aad4000000 ---p 00000000 00:00 0 
76aad4000000-76aad4021000 rw-p 00000000 00:00 0 
76aad4021000-76aad8000000 ---p 00000000 00:00 0 
76aadc000000-76aadc030000 rw-p 00000000 00:00 0 
76aadc030000-76aae0000000 ---p 00000000 00:00 0 
76aae0000000-76aae0021000 rw-p 00000000 00:00 0 
76aae0021000-76aae4000000 ---p 00000000 00:00 0 
76aae7000000-76aae7bb6000 rw-p 00001000 08:02 8040592                    /home/viniciuspolo/.vscode/extensions/redhat.java-1.40.0-linux-x64/jre/21.0.6-linux-x86_64/lib/server/classes.jsa
76aae7bb6000-76aae8040000 ---p 00000000 00:00 0 
76aae8040000-76aae8050000 rw-p 00000000 00:00 0 
76aae8050000-76ab28000000 ---p 00000000 00:00 0 
76ab28000000-76ab28021000 rw-p 00000000 00:00 0 
76ab28021000-76ab2c000000 ---p 00000000 00:00 0 
76ab2c000000-76ab2c021000 rw-p 00000000 00:00 0 
76ab2c021000-76ab30000000 ---p 00000000 00:00 0 
76ab34000000-76ab34021000 rw-p 00000000 00:00 0 
76ab34021000-76ab38000000 ---p 00000000 00:00 0 
76ab38000000-76ab38021000 rw-p 00000000 00:00 0 
76ab38021000-76ab3c000000 ---p 00000000 00:00 0 
76ab3e000000-76ab40000000 rw-p 00000000 00:00 0 
76ab40000000-76ab40021000 rw-p 00000000 00:00 0 
76ab40021000-76ab44000000 ---p 00000000 00:00 0 
76ab45200000-76ab454e5000 rw-p 00000000 00:00 0 
76ab4567c000-76ab45800000 rw-p 00000000 00:00 0 
76ab45800000-76ab45804000 ---p 00000000 00:00 0 
76ab45804000-76ab45900000 rw-p 00000000 00:00 0 
76ab45900000-76ab45904000 ---p 00000000 00:00 0 
76ab45904000-76ab45a00000 rw-p 00000000 00:00 0 
76ab45a00000-76ab45a04000 ---p 00000000 00:00 0 
76ab45a04000-76ab45b00000 rw-p 00000000 00:00 0 
76ab45b00000-76ab45b04000 ---p 00000000 00:00 0 
76ab45b04000-76ab45c00000 rw-p 00000000 00:00 0 
76ab45c00000-76ab45c04000 ---p 00000000 00:00 0 
76ab45c04000-76ab45d00000 rw-p 00000000 00:00 0 
76ab45d00000-76ab45d04000 ---p 00000000 00:00 0 
76ab45d04000-76ab45e00000 rw-p 00000000 00:00 0 
76ab45e00000-76ab45e04000 ---p 00000000 00:00 0 
76ab45e04000-76ab45f00000 rw-p 00000000 00:00 0 
76ab45f00000-76ab45f04000 ---p 00000000 00:00 0 
76ab45f04000-76ab46000000 rw-p 00000000 00:00 0 
76ab46000000-76ab46020000 rw-p 00000000 00:00 0 
76ab46020000-76ab49dc0000 ---p 00000000 00:00 0 
76ab49dc0000-76ab49dc8000 rw-p 00000000 00:00 0 
76ab49e00000-76ab4a070000 rwxp 00000000 00:00 0 
76ab4a070000-76ab51337000 ---p 00000000 00:00 0 
76ab51337000-76ab515a7000 rwxp 00000000 00:00 0 
76ab515a7000-76ab518c8000 ---p 00000000 00:00 0 
76ab518c8000-76ab51b38000 rwxp 00000000 00:00 0 
76ab51b38000-76ab58e00000 ---p 00000000 00:00 0 
76ab58e00000-76ab5bfc7000 r--s 00000000 08:02 8040582                    /home/viniciuspolo/.vscode/extensions/redhat.java-1.40.0-linux-x64/jre/21.0.6-linux-x86_64/lib/modules
76ab5c000000-76ab5c1a5000 rw-p 00000000 00:00 0 
76ab5c1a5000-76ab60000000 ---p 00000000 00:00 0 
76ab600a9000-76ab600fd000 r--p 00000000 07:04 189                        /snap/code/184/usr/lib/locale/aa_DJ.utf8/LC_CTYPE
76ab600fd000-76ab60375000 r--p 00000000 07:04 188                        /snap/code/184/usr/lib/locale/aa_DJ.utf8/LC_COLLATE
76ab60375000-76ab60376000 ---p 00000000 00:00 0 
76ab60376000-76ab60476000 rw-p 00000000 00:00 0 
76ab60476000-76ab60477000 ---p 00000000 00:00 0 
76ab60477000-76ab60577000 rw-p 00000000 00:00 0 
76ab60577000-76ab605f8000 rw-p 00000000 00:00 0 
76ab605f8000-76ab605f9000 ---p 00000000 00:00 0 
76ab605f9000-76ab606f9000 rw-p 00000000 00:00 0 
76ab606f9000-76ab606fa000 ---p 00000000 00:00 0 
76ab606fa000-76ab607fa000 rw-p 00000000 00:00 0 
76ab607fa000-76ab60bfe000 rw-p 00000000 00:00 0 
76ab60bfe000-76ab60bff000 ---p 00000000 00:00 0 
76ab60bff000-76ab60cff000 rw-p 00000000 00:00 0 
76ab60cff000-76ab60d00000 ---p 00000000 00:00 0 
76ab60d00000-76ab60e00000 rw-p 00000000 00:00 0 
76ab60e00000-76ab60e04000 rw-p 00000000 00:00 0 
76ab60e04000-76ab615b8000 ---p 00000000 00:00 0 
76ab615b8000-76ab615b9000 rw-p 00000000 00:00 0 
76ab61600000-76ab61604000 rw-p 00000000 00:00 0 
76ab61604000-76ab61db8000 ---p 00000000 00:00 0 
76ab61db8000-76ab61db9000 rw-p 00000000 00:00 0 
76ab61dca000-76ab61e25000 rw-p 00000000 00:00 0 
76ab61e25000-76ab61e26000 ---p 00000000 00:00 0 
76ab61e26000-76ab61f26000 rw-p 00000000 00:00 0 
76ab61f26000-76ab6232f000 rw-p 00000000 00:00 0 
76ab6232f000-76ab62415000 ---p 00000000 00:00 0 
76ab62415000-76ab6241a000 rw-p 00000000 00:00 0 
76ab6241a000-76ab62500000 ---p 00000000 00:00 0 
76ab62500000-76ab62504000 ---p 00000000 00:00 0 
76ab62504000-76ab62600000 rw-p 00000000 00:00 0 
76ab62600000-76ab63a0f000 r-xp 00000000 08:02 8040594                    /home/viniciuspolo/.vscode/extensions/redhat.java-1.40.0-linux-x64/jre/21.0.6-linux-x86_64/lib/server/libjvm.so
76ab63a0f000-76ab63ae3000 r--p 0140e000 08:02 8040594                    /home/viniciuspolo/.vscode/extensions/redhat.java-1.40.0-linux-x64/jre/21.0.6-linux-x86_64/lib/server/libjvm.so
76ab63ae3000-76ab63b13000 rw-p 014e2000 08:02 8040594                    /home/viniciuspolo/.vscode/extensions/redhat.java-1.40.0-linux-x64/jre/21.0.6-linux-x86_64/lib/server/libjvm.so
76ab63b13000-76ab63b79000 rw-p 00000000 00:00 0 
76ab63b8c000-76ab63ba0000 r-xp 00000000 08:02 8040573                    /home/viniciuspolo/.vscode/extensions/redhat.java-1.40.0-linux-x64/jre/21.0.6-linux-x86_64/lib/libnio.so
76ab63ba0000-76ab63ba1000 r--p 00013000 08:02 8040573                    /home/viniciuspolo/.vscode/extensions/redhat.java-1.40.0-linux-x64/jre/21.0.6-linux-x86_64/lib/libnio.so
76ab63ba1000-76ab63ba2000 rw-p 00014000 08:02 8040573                    /home/viniciuspolo/.vscode/extensions/redhat.java-1.40.0-linux-x64/jre/21.0.6-linux-x86_64/lib/libnio.so
76ab63ba2000-76ab63bbd000 r-xp 00000000 08:02 8040581                    /home/viniciuspolo/.vscode/extensions/redhat.java-1.40.0-linux-x64/jre/21.0.6-linux-x86_64/lib/libzip.so
76ab63bbd000-76ab63bbe000 r--p 0001a000 08:02 8040581                    /home/viniciuspolo/.vscode/extensions/redhat.java-1.40.0-linux-x64/jre/21.0.6-linux-x86_64/lib/libzip.so
76ab63bbe000-76ab63bbf000 rw-p 0001b000 08:02 8040581                    /home/viniciuspolo/.vscode/extensions/redhat.java-1.40.0-linux-x64/jre/21.0.6-linux-x86_64/lib/libzip.so
76ab63bbf000-76ab63c00000 rw-p 00000000 00:00 0 
76ab63c00000-76ab63c28000 r--p 00000000 08:02 26217243                   /usr/lib/x86_64-linux-gnu/libc.so.6
76ab63c28000-76ab63dbd000 r-xp 00028000 08:02 26217243                   /usr/lib/x86_64-linux-gnu/libc.so.6
76ab63dbd000-76ab63e15000 r--p 001bd000 08:02 26217243                   /usr/lib/x86_64-linux-gnu/libc.so.6
76ab63e15000-76ab63e16000 ---p 00215000 08:02 26217243                   /usr/lib/x86_64-linux-gnu/libc.so.6
76ab63e16000-76ab63e1a000 r--p 00215000 08:02 26217243                   /usr/lib/x86_64-linux-gnu/libc.so.6
76ab63e1a000-76ab63e1c000 rw-p 00219000 08:02 26217243                   /usr/lib/x86_64-linux-gnu/libc.so.6
76ab63e1c000-76ab63e29000 rw-p 00000000 00:00 0 
76ab63e2f000-76ab63e3b000 r-xp 00000000 08:02 8040572                    /home/viniciuspolo/.vscode/extensions/redhat.java-1.40.0-linux-x64/jre/21.0.6-linux-x86_64/lib/libnet.so
76ab63e3b000-76ab63e3c000 r--p 0000b000 08:02 8040572                    /home/viniciuspolo/.vscode/extensions/redhat.java-1.40.0-linux-x64/jre/21.0.6-linux-x86_64/lib/libnet.so
76ab63e3c000-76ab63e3d000 rw-p 0000c000 08:02 8040572                    /home/viniciuspolo/.vscode/extensions/redhat.java-1.40.0-linux-x64/jre/21.0.6-linux-x86_64/lib/libnet.so
76ab63e3d000-76ab63e3e000 r--p 00000000 07:04 280                        /snap/code/184/usr/lib/locale/agr_PE/LC_NUMERIC
76ab63e3e000-76ab63e3f000 r--p 00000000 07:04 5477                       /snap/code/184/usr/lib/locale/pt_BR.utf8/LC_TIME
76ab63e3f000-76ab63e40000 r--p 00000000 07:04 5472                       /snap/code/184/usr/lib/locale/pt_BR.utf8/LC_MONETARY
76ab63e40000-76ab63e41000 r--p 00000000 07:04 1957                       /snap/code/184/usr/lib/locale/en_AG/LC_MESSAGES/SYS_LC_MESSAGES
76ab63e41000-76ab63e42000 r--p 00000000 07:04 197                        /snap/code/184/usr/lib/locale/aa_DJ.utf8/LC_PAPER
76ab63e42000-76ab63e43000 r--p 00000000 07:04 279                        /snap/code/184/usr/lib/locale/agr_PE/LC_NAME
76ab63e43000-76ab63e44000 r--p 00000000 07:04 5465                       /snap/code/184/usr/lib/locale/pt_BR.utf8/LC_ADDRESS
76ab63e44000-76ab63e8b000 rw-p 00000000 00:00 0 
76ab63e8b000-76ab63e92000 ---p 00000000 00:00 0 
76ab63e92000-76ab63eb2000 r-xp 00000000 08:02 8040558                    /home/viniciuspolo/.vscode/extensions/redhat.java-1.40.0-linux-x64/jre/21.0.6-linux-x86_64/lib/libjava.so
76ab63eb2000-76ab63eb3000 ---p 00020000 08:02 8040558                    /home/viniciuspolo/.vscode/extensions/redhat.java-1.40.0-linux-x64/jre/21.0.6-linux-x86_64/lib/libjava.so
76ab63eb3000-76ab63eb4000 r--p 00020000 08:02 8040558                    /home/viniciuspolo/.vscode/extensions/redhat.java-1.40.0-linux-x64/jre/21.0.6-linux-x86_64/lib/libjava.so
76ab63eb4000-76ab63eb5000 rw-p 00021000 08:02 8040558                    /home/viniciuspolo/.vscode/extensions/redhat.java-1.40.0-linux-x64/jre/21.0.6-linux-x86_64/lib/libjava.so
76ab63eb5000-76ab63eb6000 rw-p 00000000 00:00 0 
76ab63eb6000-76ab63ed1000 r-xp 00000000 08:02 8040562                    /home/viniciuspolo/.vscode/extensions/redhat.java-1.40.0-linux-x64/jre/21.0.6-linux-x86_64/lib/libjimage.so
76ab63ed1000-76ab63ed2000 ---p 0001b000 08:02 8040562                    /home/viniciuspolo/.vscode/extensions/redhat.java-1.40.0-linux-x64/jre/21.0.6-linux-x86_64/lib/libjimage.so
76ab63ed2000-76ab63ed4000 r--p 0001b000 08:02 8040562                    /home/viniciuspolo/.vscode/extensions/redhat.java-1.40.0-linux-x64/jre/21.0.6-linux-x86_64/lib/libjimage.so
76ab63ed4000-76ab63ed5000 rw-p 0001d000 08:02 8040562                    /home/viniciuspolo/.vscode/extensions/redhat.java-1.40.0-linux-x64/jre/21.0.6-linux-x86_64/lib/libjimage.so
76ab63ed5000-76ab63ee3000 r--p 00000000 08:02 26217268                   /usr/lib/x86_64-linux-gnu/libm.so.6
76ab63ee3000-76ab63f5f000 r-xp 0000e000 08:02 26217268                   /usr/lib/x86_64-linux-gnu/libm.so.6
76ab63f5f000-76ab63fba000 r--p 0008a000 08:02 26217268                   /usr/lib/x86_64-linux-gnu/libm.so.6
76ab63fba000-76ab63fbb000 r--p 000e4000 08:02 26217268                   /usr/lib/x86_64-linux-gnu/libm.so.6
76ab63fbb000-76ab63fbc000 rw-p 000e5000 08:02 26217268                   /usr/lib/x86_64-linux-gnu/libm.so.6
76ab63fbc000-76ab63fbd000 r--p 00000000 08:02 26218555                   /usr/lib/x86_64-linux-gnu/librt.so.1
76ab63fbd000-76ab63fbe000 r-xp 00001000 08:02 26218555                   /usr/lib/x86_64-linux-gnu/librt.so.1
76ab63fbe000-76ab63fbf000 r--p 00002000 08:02 26218555                   /usr/lib/x86_64-linux-gnu/librt.so.1
76ab63fbf000-76ab63fc0000 r--p 00002000 08:02 26218555                   /usr/lib/x86_64-linux-gnu/librt.so.1
76ab63fc0000-76ab63fc1000 rw-p 00003000 08:02 26218555                   /usr/lib/x86_64-linux-gnu/librt.so.1
76ab63fc1000-76ab63fc3000 rw-p 00000000 00:00 0 
76ab63fc3000-76ab63fc4000 r--p 00000000 08:02 26217259                   /usr/lib/x86_64-linux-gnu/libdl.so.2
76ab63fc4000-76ab63fc5000 r-xp 00001000 08:02 26217259                   /usr/lib/x86_64-linux-gnu/libdl.so.2
76ab63fc5000-76ab63fc6000 r--p 00002000 08:02 26217259                   /usr/lib/x86_64-linux-gnu/libdl.so.2
76ab63fc6000-76ab63fc7000 r--p 00002000 08:02 26217259                   /usr/lib/x86_64-linux-gnu/libdl.so.2
76ab63fc7000-76ab63fc8000 rw-p 00003000 08:02 26217259                   /usr/lib/x86_64-linux-gnu/libdl.so.2
76ab63fc8000-76ab63fc9000 r--p 00000000 08:02 26218553                   /usr/lib/x86_64-linux-gnu/libpthread.so.0
76ab63fc9000-76ab63fca000 r-xp 00001000 08:02 26218553                   /usr/lib/x86_64-linux-gnu/libpthread.so.0
76ab63fca000-76ab63fcb000 r--p 00002000 08:02 26218553                   /usr/lib/x86_64-linux-gnu/libpthread.so.0
76ab63fcb000-76ab63fcc000 r--p 00002000 08:02 26218553                   /usr/lib/x86_64-linux-gnu/libpthread.so.0
76ab63fcc000-76ab63fcd000 rw-p 00003000 08:02 26218553                   /usr/lib/x86_64-linux-gnu/libpthread.so.0
76ab63fcd000-76ab63fce000 r--p 00000000 07:04 5476                       /snap/code/184/usr/lib/locale/pt_BR.utf8/LC_TELEPHONE
76ab63fce000-76ab63fcf000 r--p 00000000 07:04 191                        /snap/code/184/usr/lib/locale/aa_DJ.utf8/LC_MEASUREMENT
76ab63fcf000-76ab63fd6000 r--s 00000000 08:02 26874574                   /usr/lib/x86_64-linux-gnu/gconv/gconv-modules.cache
76ab63fd6000-76ab63fd7000 r--p 00000000 07:04 5468                       /snap/code/184/usr/lib/locale/pt_BR.utf8/LC_IDENTIFICATION
76ab63fd7000-76ab63fdf000 rw-s 00000000 08:02 19923104                   /tmp/hsperfdata_viniciuspolo/9624
76ab63fdf000-76ab63fe0000 ---p 00000000 00:00 0 
76ab63fe0000-76ab63fe1000 r--p 00000000 00:00 0 
76ab63fe1000-76ab63ffa000 r-xp 00000000 08:02 8040563                    /home/viniciuspolo/.vscode/extensions/redhat.java-1.40.0-linux-x64/jre/21.0.6-linux-x86_64/lib/libjli.so
76ab63ffa000-76ab63ffb000 r--p 00018000 08:02 8040563                    /home/viniciuspolo/.vscode/extensions/redhat.java-1.40.0-linux-x64/jre/21.0.6-linux-x86_64/lib/libjli.so
76ab63ffb000-76ab63ffc000 rw-p 00019000 08:02 8040563                    /home/viniciuspolo/.vscode/extensions/redhat.java-1.40.0-linux-x64/jre/21.0.6-linux-x86_64/lib/libjli.so
76ab63ffc000-76ab63ffe000 rw-p 00000000 00:00 0 
76ab63ffe000-76ab64000000 r--p 00000000 08:02 26214942                   /usr/lib/x86_64-linux-gnu/ld-linux-x86-64.so.2
76ab64000000-76ab6402a000 r-xp 00002000 08:02 26214942                   /usr/lib/x86_64-linux-gnu/ld-linux-x86-64.so.2
76ab6402a000-76ab64035000 r--p 0002c000 08:02 26214942                   /usr/lib/x86_64-linux-gnu/ld-linux-x86-64.so.2
76ab64035000-76ab64036000 ---p 00000000 00:00 0 
76ab64036000-76ab64038000 r--p 00037000 08:02 26214942                   /usr/lib/x86_64-linux-gnu/ld-linux-x86-64.so.2
76ab64038000-76ab6403a000 rw-p 00039000 08:02 26214942                   /usr/lib/x86_64-linux-gnu/ld-linux-x86-64.so.2
7ffc4556f000-7ffc45591000 rw-p 00000000 00:00 0                          [stack]
7ffc455d9000-7ffc455dd000 r--p 00000000 00:00 0                          [vvar]
7ffc455dd000-7ffc455df000 r-xp 00000000 00:00 0                          [vdso]
ffffffffff600000-ffffffffff601000 --xp 00000000 00:00 0                  [vsyscall]
Total number of mappings: 187


VM Arguments:
jvm_args: -Dapplication.home=/home/viniciuspolo/.vscode/extensions/redhat.java-1.40.0-linux-x64/jre/21.0.6-linux-x86_64 -Xms8m -Djdk.module.main=jdk.jcmd 
java_command: jdk.jcmd/sun.tools.jcmd.JCmd 5262 VM.uptime
java_class_path (initial): <not set>
Launcher Type: SUN_STANDARD

[Global flags]
     intx CICompilerCount                          = 3                                         {product} {ergonomic}
     uint ConcGCThreads                            = 1                                         {product} {ergonomic}
     uint G1ConcRefinementThreads                  = 4                                         {product} {ergonomic}
   size_t G1HeapRegionSize                         = 2097152                                   {product} {ergonomic}
    uintx GCDrainStackTargetSize                   = 64                                        {product} {ergonomic}
   size_t InitialHeapSize                          = 8388608                                   {product} {command line}
   size_t MarkStackSize                            = 4194304                                   {product} {ergonomic}
   size_t MaxHeapSize                              = 4146069504                                {product} {ergonomic}
   size_t MaxNewSize                               = 2487222272                                {product} {ergonomic}
   size_t MinHeapDeltaBytes                        = 2097152                                   {product} {ergonomic}
   size_t MinHeapSize                              = 8388608                                   {product} {command line}
    uintx NonNMethodCodeHeapSize                   = 5832780                                {pd product} {ergonomic}
    uintx NonProfiledCodeHeapSize                  = 122912730                              {pd product} {ergonomic}
    uintx ProfiledCodeHeapSize                     = 122912730                              {pd product} {ergonomic}
    uintx ReservedCodeCacheSize                    = 251658240                              {pd product} {ergonomic}
     bool SegmentedCodeCache                       = true                                      {product} {ergonomic}
   size_t SoftMaxHeapSize                          = 4146069504                             {manageable} {ergonomic}
     bool UseCompressedOops                        = true                           {product lp64_product} {ergonomic}
     bool UseG1GC                                  = true                                      {product} {ergonomic}

Logging:
Log output configuration:
 #0: stdout all=warning uptime,level,tags foldmultilines=false
 #1: stderr all=off uptime,level,tags foldmultilines=false

Environment Variables:
JAVA_HOME=/usr/lib/jvm/java-1.17.0-openjdk-amd64
PATH=/home/viniciuspolo/.cache/cloud-code/installer/google-cloud-sdk/bin:/usr/lib/jvm/java-1.17.0-openjdk-amd64/bin:/home/viniciuspolo/anaconda3/bin:/home/viniciuspolo/anaconda3/condabin:/home/viniciuspolo/.nvm/versions/node/v18.16.0/bin:/usr/local/sbin:/usr/local/bin:/usr/sbin:/usr/bin:/sbin:/bin:/usr/games:/usr/local/games:/snap/bin:/snap/bin:/home/viniciuspolo/go/bin:/home/viniciuspolo/Android/Sdk/emulator:/home/viniciuspolo/Android/Sdk/tools:/home/viniciuspolo/Android/Sdk/tools/bin:/home/viniciuspolo/Android/Sdk/platform-tools:/home/viniciuspolo/applications/android-studio-2023.2.1.25-linux/android-studio/bin:/home/viniciuspolo/applications/ideaIU-2024.3/idea-IU-243.21565.193/bin:/home/viniciuspolo/applications/Postman:/home/viniciuspolo/google-cloud-sdk/bin
USERNAME=viniciuspolo
SHELL=/bin/bash
DISPLAY=:0
LANG=en_US.UTF-8
LC_CTYPE=pt_BR.UTF-8
LC_NUMERIC=pt_BR.UTF-8
LC_TIME=pt_BR.UTF-8
TERM=xterm-256color

Active Locale:
LC_ALL=LC_CTYPE=pt_BR.UTF-8;LC_NUMERIC=pt_BR.UTF-8;LC_TIME=pt_BR.UTF-8;LC_COLLATE=en_US.UTF-8;LC_MONETARY=pt_BR.UTF-8;LC_MESSAGES=en_US.UTF-8;LC_PAPER=pt_BR.UTF-8;LC_NAME=pt_BR.UTF-8;LC_ADDRESS=pt_BR.UTF-8;LC_TELEPHONE=pt_BR.UTF-8;LC_MEASUREMENT=pt_BR.UTF-8;LC_IDENTIFICATION=pt_BR.UTF-8
LC_COLLATE=en_US.UTF-8
LC_CTYPE=pt_BR.UTF-8
LC_MESSAGES=en_US.UTF-8
LC_MONETARY=pt_BR.UTF-8
LC_NUMERIC=pt_BR.UTF-8
LC_TIME=pt_BR.UTF-8

Signal Handlers:
   SIGSEGV: crash_handler in libjvm.so, mask=11100100010111111101111111111110, flags=SA_RESTART|SA_SIGINFO, unblocked
    SIGBUS: crash_handler in libjvm.so, mask=11100100010111111101111111111110, flags=SA_RESTART|SA_SIGINFO, unblocked
    SIGFPE: crash_handler in libjvm.so, mask=11100100010111111101111111111110, flags=SA_RESTART|SA_SIGINFO, unblocked
   SIGPIPE: javaSignalHandler in libjvm.so, mask=11100100010111111101111111111110, flags=SA_RESTART|SA_SIGINFO, blocked
   SIGXFSZ: javaSignalHandler in libjvm.so, mask=11100100010111111101111111111110, flags=SA_RESTART|SA_SIGINFO, blocked
    SIGILL: crash_handler in libjvm.so, mask=11100100010111111101111111111110, flags=SA_RESTART|SA_SIGINFO, unblocked
   SIGUSR2: SR_handler in libjvm.so, mask=00000000000000000000000000000000, flags=SA_RESTART|SA_SIGINFO, blocked
    SIGHUP: UserHandler in libjvm.so, mask=11100100010111111101111111111110, flags=SA_RESTART|SA_SIGINFO, blocked
    SIGINT: UserHandler in libjvm.so, mask=11100100010111111101111111111110, flags=SA_RESTART|SA_SIGINFO, blocked
   SIGTERM: UserHandler in libjvm.so, mask=11100100010111111101111111111110, flags=SA_RESTART|SA_SIGINFO, blocked
   SIGQUIT: UserHandler in libjvm.so, mask=11100100010111111101111111111110, flags=SA_RESTART|SA_SIGINFO, blocked
   SIGTRAP: crash_handler in libjvm.so, mask=11100100010111111101111111111110, flags=SA_RESTART|SA_SIGINFO, unblocked


Periodic native trim disabled

---------------  S Y S T E M  ---------------

OS:
DISTRIB_ID=Ubuntu
DISTRIB_RELEASE=22.04
DISTRIB_CODENAME=jammy
DISTRIB_DESCRIPTION="Ubuntu 22.04.5 LTS"
uname: Linux 6.8.0-52-generic #53~22.04.1-Ubuntu SMP PREEMPT_DYNAMIC Wed Jan 15 19:18:46 UTC 2 x86_64
OS uptime: 0 days 0:08 hours
libc: glibc 2.35 NPTL 2.35 
rlimit (soft/hard): STACK 8192k/infinity , CORE 0k/infinity , NPROC 62908/62908 , NOFILE 1048576/1048576 , AS infinity/infinity , CPU infinity/infinity , DATA infinity/infinity , FSIZE infinity/infinity , MEMLOCK 2023520k/2023520k
load average: 0,79 0,75 0,46

/proc/meminfo:
MemTotal:       16188172 kB
MemFree:         5763512 kB
MemAvailable:   10336736 kB
Buffers:          268832 kB
Cached:          4917444 kB
SwapCached:            0 kB
Active:          6725724 kB
Inactive:        2765604 kB
Active(anon):    4775364 kB
Inactive(anon):        0 kB
Active(file):    1950360 kB
Inactive(file):  2765604 kB
Unevictable:      322684 kB
Mlocked:              80 kB
SwapTotal:       2097148 kB
SwapFree:        2097148 kB
Zswap:                 0 kB
Zswapped:              0 kB
Dirty:               428 kB
Writeback:             0 kB
AnonPages:       4627868 kB
Mapped:          1450228 kB
Shmem:            470116 kB
KReclaimable:     194872 kB
Slab:             409428 kB
SReclaimable:     194872 kB
SUnreclaim:       214556 kB
KernelStack:       19928 kB
PageTables:        58432 kB
SecPageTables:         0 kB
NFS_Unstable:          0 kB
Bounce:                0 kB
WritebackTmp:          0 kB
CommitLimit:    10191232 kB
Committed_AS:   22252868 kB
VmallocTotal:   34359738367 kB
VmallocUsed:       54664 kB
VmallocChunk:          0 kB
Percpu:             4368 kB
HardwareCorrupted:     0 kB
AnonHugePages:         0 kB
ShmemHugePages:   280576 kB
ShmemPmdMapped:        0 kB
FileHugePages:         0 kB
FilePmdMapped:         0 kB
Unaccepted:            0 kB
HugePages_Total:       0
HugePages_Free:        0
HugePages_Rsvd:        0
HugePages_Surp:        0
Hugepagesize:       2048 kB
Hugetlb:               0 kB
DirectMap4k:      224284 kB
DirectMap2M:     6926336 kB
DirectMap1G:     9437184 kB

/sys/kernel/mm/transparent_hugepage/enabled: always [madvise] never
/sys/kernel/mm/transparent_hugepage/hpage_pmd_size: 2097152
/sys/kernel/mm/transparent_hugepage/defrag (defrag/compaction efforts parameter): always defer defer+madvise [madvise] never

Process Memory:
Virtual Size: 6698532K (peak: 6759408K)
Resident Set Size: 43580K (peak: 43580K) (anon: 21888K, file: 21692K, shmem: 0K)
Swapped out: 0K
C-Heap outstanding allocations: 16452K, retained: 1883K
glibc malloc tunables: (default)

/proc/sys/kernel/threads-max (system-wide limit on the number of threads): 125816
/proc/sys/vm/max_map_count (maximum number of memory map areas a process may have): 65530
/proc/sys/vm/swappiness (control to define how aggressively the kernel swaps out anonymous memory): 60
/proc/sys/kernel/pid_max (system-wide limit on number of process identifiers): 4194304

container (cgroup) information:
container_type: cgroupv2
cpu_cpuset_cpus: not supported
cpu_memory_nodes: not supported
active_processor_count: 4
cpu_quota: not supported
cpu_period: not supported
cpu_shares: not supported
memory_limit_in_bytes: unlimited
memory_and_swap_limit_in_bytes: unlimited
memory_soft_limit_in_bytes: unlimited
memory_usage_in_bytes: 4172536 k
memory_max_usage_in_bytes: not supported
memory_swap_current_in_bytes: unlimited
memory_swap_max_limit_in_bytes: unlimited
maximum number of tasks: 18872
current number of tasks: 329

Steal ticks since vm start: 0
Steal ticks percentage since vm start:  0,000

CPU: total 4 (initial active 4) (2 cores per cpu, 2 threads per core) family 6 model 166 stepping 0 microcode 0xfe, cx8, cmov, fxsr, ht, mmx, 3dnowpref, sse, sse2, sse3, ssse3, sse4.1, sse4.2, popcnt, lzcnt, tsc, tscinvbit, avx, avx2, aes, erms, clmul, bmi1, bmi2, adx, fma, vzeroupper, clflush, clflushopt, rdtscp, f16c
CPU Model and flags from /proc/cpuinfo:
model name	: Intel(R) Core(TM) i3-10110U CPU @ 2.10GHz
flags		: fpu vme de pse tsc msr pae mce cx8 apic sep mtrr pge mca cmov pat pse36 clflush dts acpi mmx fxsr sse sse2 ss ht tm pbe syscall nx pdpe1gb rdtscp lm constant_tsc art arch_perfmon pebs bts rep_good nopl xtopology nonstop_tsc cpuid aperfmperf pni pclmulqdq dtes64 monitor ds_cpl vmx est tm2 ssse3 sdbg fma cx16 xtpr pdcm pcid sse4_1 sse4_2 x2apic movbe popcnt tsc_deadline_timer aes xsave avx f16c rdrand lahf_lm abm 3dnowprefetch cpuid_fault epb ssbd ibrs ibpb stibp ibrs_enhanced tpr_shadow flexpriority ept vpid ept_ad fsgsbase tsc_adjust bmi1 avx2 smep bmi2 erms invpcid mpx rdseed adx smap clflushopt intel_pt xsaveopt xsavec xgetbv1 xsaves dtherm ida arat pln pts hwp hwp_notify hwp_act_window hwp_epp vnmi md_clear flush_l1d arch_capabilities

Online cpus: 0-3
Offline cpus: 
BIOS frequency limitation: <Not Available>
Frequency switch latency (ns): 0
Available cpu frequencies: <Not Available>
Current governor: powersave
Core performance/turbo boost: <Not Available>

Memory: 4k page, physical 16188172k(10336736k free), swap 2097148k(2097148k free)
Page Sizes: 4k

vm_info: OpenJDK 64-Bit Server VM (21.0.6+7-LTS) for linux-amd64 JRE (21.0.6+7-LTS), built on 2025-01-21T00:00:00Z by "admin" with gcc 11.3.0

END.
